// Jest Snapshot v1, https://goo.gl/fbAQLP

exports[`when given \`expenses\` should render correct number of expenses 1`] = `
ShallowWrapper {
  Symbol(enzyme.__root__): ShallowWrapper {
    Symbol(enzyme.__root__): [Circular],
    Symbol(enzyme.__unrendered__): <ExpensesContainer
      expenses={
        Array [
          Object {
            "amount": 2000,
            "category": "essentials",
            "id": 1,
            "title": "Rent",
          },
          Object {
            "amount": 121,
            "category": "essentials",
            "id": 2,
            "title": "MetroCard",
          },
        ]
      }
    />,
    Symbol(enzyme.__renderer__): Object {
      "batchedUpdates": [Function],
      "getNode": [Function],
      "render": [Function],
      "simulateError": [Function],
      "simulateEvent": [Function],
      "unmount": [Function],
    },
    Symbol(enzyme.__node__): Object {
      "instance": null,
      "key": undefined,
      "nodeType": "host",
      "props": Object {
        "children": Array [
          <div
            className="expense-low col-md-auto border rounded p-2 m-2 mx-5 border-alert"
          >
            You have this much left to spend: $
            0
          </div>,
          false,
          <button
            className="btn btn-outline-warning"
            onClick={[Function]}
            type="submit"
          >
            New Expense
          </button>,
          <div
            className="row justify-content-md-center"
          />,
          <br />,
        ],
        "className": "expenses-container container-fluid",
      },
      "ref": null,
      "rendered": Array [
        Object {
          "instance": null,
          "key": undefined,
          "nodeType": "host",
          "props": Object {
            "children": Array [
              "You have this much left to spend: $",
              0,
            ],
            "className": "expense-low col-md-auto border rounded p-2 m-2 mx-5 border-alert",
          },
          "ref": null,
          "rendered": Array [
            "You have this much left to spend: $",
            0,
          ],
          "type": "div",
        },
        false,
        Object {
          "instance": null,
          "key": undefined,
          "nodeType": "host",
          "props": Object {
            "children": "New Expense",
            "className": "btn btn-outline-warning",
            "onClick": [Function],
            "type": "submit",
          },
          "ref": null,
          "rendered": "New Expense",
          "type": "button",
        },
        Object {
          "instance": null,
          "key": undefined,
          "nodeType": "host",
          "props": Object {
            "children": Array [],
            "className": "row justify-content-md-center",
          },
          "ref": null,
          "rendered": Array [],
          "type": "div",
        },
        Object {
          "instance": null,
          "key": undefined,
          "nodeType": "host",
          "props": Object {},
          "ref": null,
          "rendered": null,
          "type": "br",
        },
      ],
      "type": "div",
    },
    Symbol(enzyme.__nodes__): Array [
      Object {
        "instance": null,
        "key": undefined,
        "nodeType": "host",
        "props": Object {
          "children": Array [
            <div
              className="expense-low col-md-auto border rounded p-2 m-2 mx-5 border-alert"
            >
              You have this much left to spend: $
              0
            </div>,
            false,
            <button
              className="btn btn-outline-warning"
              onClick={[Function]}
              type="submit"
            >
              New Expense
            </button>,
            <div
              className="row justify-content-md-center"
            />,
            <br />,
          ],
          "className": "expenses-container container-fluid",
        },
        "ref": null,
        "rendered": Array [
          Object {
            "instance": null,
            "key": undefined,
            "nodeType": "host",
            "props": Object {
              "children": Array [
                "You have this much left to spend: $",
                0,
              ],
              "className": "expense-low col-md-auto border rounded p-2 m-2 mx-5 border-alert",
            },
            "ref": null,
            "rendered": Array [
              "You have this much left to spend: $",
              0,
            ],
            "type": "div",
          },
          false,
          Object {
            "instance": null,
            "key": undefined,
            "nodeType": "host",
            "props": Object {
              "children": "New Expense",
              "className": "btn btn-outline-warning",
              "onClick": [Function],
              "type": "submit",
            },
            "ref": null,
            "rendered": "New Expense",
            "type": "button",
          },
          Object {
            "instance": null,
            "key": undefined,
            "nodeType": "host",
            "props": Object {
              "children": Array [],
              "className": "row justify-content-md-center",
            },
            "ref": null,
            "rendered": Array [],
            "type": "div",
          },
          Object {
            "instance": null,
            "key": undefined,
            "nodeType": "host",
            "props": Object {},
            "ref": null,
            "rendered": null,
            "type": "br",
          },
        ],
        "type": "div",
      },
    ],
    Symbol(enzyme.__options__): Object {
      "adapter": ReactSixteenAdapter {
        "options": Object {
          "enableComponentDidUpdateOnSetState": true,
          "lifecycles": Object {
            "componentDidUpdate": Object {
              "onSetState": true,
            },
            "getDerivedStateFromProps": true,
            "getSnapshotBeforeUpdate": true,
            "setState": Object {
              "skipsComponentDidUpdateOnNullish": true,
            },
          },
        },
      },
    },
  },
  Symbol(enzyme.__unrendered__): null,
  Symbol(enzyme.__renderer__): Object {
    "batchedUpdates": [Function],
    "getNode": [Function],
    "render": [Function],
    "simulateError": [Function],
    "simulateEvent": [Function],
    "unmount": [Function],
  },
  Symbol(enzyme.__node__): undefined,
  Symbol(enzyme.__nodes__): Array [],
  Symbol(enzyme.__options__): Object {
    "adapter": ReactSixteenAdapter {
      "options": Object {
        "enableComponentDidUpdateOnSetState": true,
        "lifecycles": Object {
          "componentDidUpdate": Object {
            "onSetState": true,
          },
          "getDerivedStateFromProps": true,
          "getSnapshotBeforeUpdate": true,
          "setState": Object {
            "skipsComponentDidUpdateOnNullish": true,
          },
        },
      },
    },
  },
  Symbol(enzyme.__rootNodes__): Array [
    Object {
      "instance": null,
      "key": undefined,
      "nodeType": "host",
      "props": Object {
        "children": Array [
          <div
            className="expense-low col-md-auto border rounded p-2 m-2 mx-5 border-alert"
          >
            You have this much left to spend: $
            0
          </div>,
          false,
          <button
            className="btn btn-outline-warning"
            onClick={[Function]}
            type="submit"
          >
            New Expense
          </button>,
          <div
            className="row justify-content-md-center"
          />,
          <br />,
        ],
        "className": "expenses-container container-fluid",
      },
      "ref": null,
      "rendered": Array [
        Object {
          "instance": null,
          "key": undefined,
          "nodeType": "host",
          "props": Object {
            "children": Array [
              "You have this much left to spend: $",
              0,
            ],
            "className": "expense-low col-md-auto border rounded p-2 m-2 mx-5 border-alert",
          },
          "ref": null,
          "rendered": Array [
            "You have this much left to spend: $",
            0,
          ],
          "type": "div",
        },
        false,
        Object {
          "instance": null,
          "key": undefined,
          "nodeType": "host",
          "props": Object {
            "children": "New Expense",
            "className": "btn btn-outline-warning",
            "onClick": [Function],
            "type": "submit",
          },
          "ref": null,
          "rendered": "New Expense",
          "type": "button",
        },
        Object {
          "instance": null,
          "key": undefined,
          "nodeType": "host",
          "props": Object {
            "children": Array [],
            "className": "row justify-content-md-center",
          },
          "ref": null,
          "rendered": Array [],
          "type": "div",
        },
        Object {
          "instance": null,
          "key": undefined,
          "nodeType": "host",
          "props": Object {},
          "ref": null,
          "rendered": null,
          "type": "br",
        },
      ],
      "type": "div",
    },
  ],
}
`;
